[20:47:33] [main/INFO]: Loading Minecraft 26.2 with Fabric Loader 0.19.5
[20:47:33] [main/INFO]: Mappings not present!
[20:47:33] [main/INFO]: Loading 4 mods:
	- fabricloader 0.19.5
	   \-- mixinextras 0.5.5
	- java 25
	- minecraft 26.2
[20:47:33] [main/INFO]: SpongePowered MIXIN Subsystem Version=0.8.7 Source=file:/workspaces/mc-codespace/servidor_minecraft/libraries/net/fabricmc/sponge-mixin/0.17.4+mixin.0.8.7/sponge-mixin-0.17.4+mixin.0.8.7.jar Service=Knot/Fabric Env=SERVER
[20:47:45] [main/INFO]: Environment: Environment[sessionHost=https://sessionserver.mojang.com, servicesHost=https://api.minecraftservices.com, profilesHost=https://api.mojang.com, name=PROD]
[20:47:49] [main/INFO]: Loaded 1585 recipes
[20:47:49] [main/INFO]: Loaded 1688 advancements
[20:47:49] [Server thread/INFO]: Starting minecraft server version 26.2
[20:47:49] [Server thread/INFO]: Loading properties
[20:47:49] [Server thread/INFO]: Default game type: SURVIVAL
[20:47:49] [Server thread/INFO]: Generating keypair
[20:47:49] [Server thread/INFO]: Starting Minecraft server on *:25565
[20:47:50] [Server thread/INFO]: Preparing level "world"
[20:47:50] [Server thread/INFO]: Loading 0 persistent chunks...
[20:47:50] [Server thread/INFO]: Preparing spawn area: 100%
[20:47:50] [Server thread/INFO]: Time elapsed: 14 ms
[20:47:50] [Server thread/INFO]: Done (0.444s)! For help, type "help"
[20:47:50] [Server thread/INFO]: Saving chunks for level 'ServerLevel[world]'/minecraft:overworld
[20:47:50] [Server thread/INFO]: Saving chunks for level 'ServerLevel[world]'/minecraft:the_end
[20:47:50] [Server thread/INFO]: Saving chunks for level 'ServerLevel[world]'/minecraft:the_nether
[20:47:50] [Server thread/INFO]: ThreadedAnvilChunkStorage (world): All chunks are saved
[20:47:50] [Server thread/INFO]: ThreadedAnvilChunkStorage (DIM1): All chunks are saved
[20:47:50] [Server thread/INFO]: ThreadedAnvilChunkStorage (DIM-1): All chunks are saved
[20:47:50] [Server thread/INFO]: ThreadedAnvilChunkStorage: All dimensions are saved
[20:48:50] [Server thread/INFO]: Server empty for 60 seconds, pausing
[20:49:12] [User Authenticator #1/INFO]: UUID of player MrGameBlaze is 4950d1b2-5e80-48c1-b0dc-31cf45be680b
[20:49:26] [Server thread/INFO]: MrGameBlaze[/127.83.187.89:33153] logged in with entity id 19 at (5.5, 76.0, 3.5)
[20:49:26] [Server thread/INFO]: MrGameBlaze joined the game
[20:50:20] [Server thread/INFO]: Stopping the server
[20:50:20] [Server thread/INFO]: Unknown or incomplete command. See below for error
[20:50:20] [Server thread/INFO]: <--[HERE]
[20:50:20] [Server console handler/ERROR]: Exception handling console input
java.io.IOException: Input/output error
	at java.base/java.io.FileInputStream.readBytes(Native Method)
	at java.base/java.io.FileInputStream.read(FileInputStream.java:281)
	at java.base/java.lang.System$In.read(System.java:1872)
	at java.base/java.io.BufferedInputStream.read1(BufferedInputStream.java:328)
	at java.base/java.io.BufferedInputStream.read(BufferedInputStream.java:388)
	at java.base/sun.nio.cs.StreamDecoder.readBytes(StreamDecoder.java:279)
	at java.base/sun.nio.cs.StreamDecoder.implRead(StreamDecoder.java:322)
	at java.base/sun.nio.cs.StreamDecoder.read(StreamDecoder.java:186)
	at java.base/java.io.InputStreamReader.read(InputStreamReader.java:183)
	at java.base/java.io.BufferedReader.fill(BufferedReader.java:166)
	at java.base/java.io.BufferedReader.readLine(BufferedReader.java:333)
	at java.base/java.io.BufferedReader.readLine(BufferedReader.java:400)
	at knot//net.minecraft.server.dedicated.DedicatedServer$1.run(DedicatedServer.java:146)
[20:50:20] [Server thread/INFO]: Stopping server
[20:50:20] [Server thread/INFO]: Saving players
[20:50:20] [Server thread/INFO]: MrGameBlaze lost connection: Server closed
[20:50:20] [Server thread/INFO]: MrGameBlaze left the game
[20:50:20] [Server thread/INFO]: Saving worlds
[20:50:22] [Server thread/INFO]: Saving chunks for level 'ServerLevel[world]'/minecraft:overworld
[20:50:26] [Server thread/INFO]: Saving chunks for level 'ServerLevel[world]'/minecraft:the_end
[20:50:26] [Server thread/INFO]: Saving chunks for level 'ServerLevel[world]'/minecraft:the_nether
[20:50:26] [Server thread/INFO]: ThreadedAnvilChunkStorage (world): All chunks are saved
[20:50:26] [Server thread/INFO]: ThreadedAnvilChunkStorage (DIM1): All chunks are saved
[20:50:26] [Server thread/INFO]: ThreadedAnvilChunkStorage (DIM-1): All chunks are saved
[20:50:26] [Server thread/INFO]: ThreadedAnvilChunkStorage: All dimensions are saved
